

SW1#sh ip interface brief
SW1#sh interfaces status
SW1#sh interfaces g0/2
SW1#sh run

SW1(config-if)#speed
SW1(config-if)#duplex
SW1(config-if)#description
SW1(config)#interface range fa0/1-24

R1#copy running-config startup-config
SW1#wr mem
SW1#wr 


-- Configuration Example --

Router>
Router>en
Router#conf t
Router(config)#hostname R1
R1(config)#int g0/0
R1(config-if)#ip add
R1(config-if)#ip address 172.16.255.254 255.255.0.0
R1(config-if)#no shutdown 
R1(config-if)#speed 1000
R1(config-if)#duplex full 
R1(config-if)#description ## to SW1 ##
R1(config-if)#end
R1#
R1#copy running-config startup-config 

R1#sh ip interface brief 

R1#conf t
R1(config)#int range g0/1-2
R1(config-if-range)#description ## not in use ##
R1(config-if-range)#shutdown 
R1(config-if-range)#end
R1#


Switch>
Switch>en
Switch#conf t
Switch(config)#hostname SW1
SW1(config)#int g0/1
SW1(config-if)#speed 1000
SW1(config-if)#duplex full 
SW1(config-if)#
SW1(config-if)#description ## to R1 ##
SW1(config-if)#int g0/2
SW1(config-if)#speed 1000
SW1(config-if)#duplex full 
SW1(config-if)#
SW1(config-if)#description ## to SW2 ##
SW1(config-if)#end
SW1#wr mem
SW1#

SW1#sh ip interface brief 
SW1#sh interface status 
SW1#sh interface g0/1

SW1#conf t
SW1(config)#interface range fa0/1-24
SW1(config-if-range)#description ## not in use ##
SW1(config-if-range)#shutdown 
SW1(config-if-range)#end
SW1#wr 


Switch>
Switch>en
Switch#conf t
Switch(config)#hostname SW2
SW2(config)#int g0/1
SW2(config-if)#speed 1000
SW2(config-if)#duplex full 
SW2(config-if)#description ## to SW1 ##
SW2(config-if)#end
SW2#

SW2#conf t
SW2(config)#int g0/2
SW2(config-if)#description ## not in use ##
SW2(config-if)#shutdown 
SW2(config-if)#int range fa0/1-24
SW2(config-if-range)#description ## not in use ##
SW2(config-if-range)#shutdown 
SW2(config-if-range)#end
SW2#wr 


SW1#sh ip interface brief 
Interface              IP-Address      OK? Method Status                Protocol 
FastEthernet0/1        unassigned      YES manual up                    up 
FastEthernet0/2        unassigned      YES manual up                    up 
FastEthernet0/3        unassigned      YES manual administratively down down 
FastEthernet0/4        unassigned      YES manual administratively down down 
FastEthernet0/5        unassigned      YES manual administratively down down 
FastEthernet0/6        unassigned      YES manual administratively down down 
FastEthernet0/7        unassigned      YES manual administratively down down 
FastEthernet0/8        unassigned      YES manual administratively down down 
FastEthernet0/9        unassigned      YES manual administratively down down 
FastEthernet0/10       unassigned      YES manual administratively down down 
FastEthernet0/11       unassigned      YES manual administratively down down 
FastEthernet0/12       unassigned      YES manual administratively down down 
FastEthernet0/13       unassigned      YES manual administratively down down 
FastEthernet0/14       unassigned      YES manual administratively down down 
FastEthernet0/15       unassigned      YES manual administratively down down 
FastEthernet0/16       unassigned      YES manual administratively down down 
FastEthernet0/17       unassigned      YES manual administratively down down 
FastEthernet0/18       unassigned      YES manual administratively down down 
FastEthernet0/19       unassigned      YES manual administratively down down 
FastEthernet0/20       unassigned      YES manual administratively down down 
FastEthernet0/21       unassigned      YES manual administratively down down 
FastEthernet0/22       unassigned      YES manual administratively down down 
FastEthernet0/23       unassigned      YES manual administratively down down 
FastEthernet0/24       unassigned      YES manual administratively down down 
GigabitEthernet0/1     unassigned      YES manual up                    up 
GigabitEthernet0/2     unassigned      YES manual up                    up 
Vlan1                  unassigned      YES manual administratively down down
SW1# 


SW1#sh interfaces status 
Port      Name               Status       Vlan       Duplex  Speed Type
Fa0/1     ## not in use ##   connected    1          auto    auto  10/100BaseTX
Fa0/2     ## not in use ##   connected    1          auto    auto  10/100BaseTX
Fa0/3     ## not in use ##   disabled 1          auto    auto  10/100BaseTX
Fa0/4     ## not in use ##   disabled 1          auto    auto  10/100BaseTX
Fa0/5     ## not in use ##   disabled 1          auto    auto  10/100BaseTX
Fa0/6     ## not in use ##   disabled 1          auto    auto  10/100BaseTX
Fa0/7     ## not in use ##   disabled 1          auto    auto  10/100BaseTX
Fa0/8     ## not in use ##   disabled 1          auto    auto  10/100BaseTX
Fa0/9     ## not in use ##   disabled 1          auto    auto  10/100BaseTX
Fa0/10    ## not in use ##   disabled 1          auto    auto  10/100BaseTX
Fa0/11    ## not in use ##   disabled 1          auto    auto  10/100BaseTX
Fa0/12    ## not in use ##   disabled 1          auto    auto  10/100BaseTX
Fa0/13    ## not in use ##   disabled 1          auto    auto  10/100BaseTX
Fa0/14    ## not in use ##   disabled 1          auto    auto  10/100BaseTX
Fa0/15    ## not in use ##   disabled 1          auto    auto  10/100BaseTX
Fa0/16    ## not in use ##   disabled 1          auto    auto  10/100BaseTX
Fa0/17    ## not in use ##   disabled 1          auto    auto  10/100BaseTX
Fa0/18    ## not in use ##   disabled 1          auto    auto  10/100BaseTX
Fa0/19    ## not in use ##   disabled 1          auto    auto  10/100BaseTX
Fa0/20    ## not in use ##   disabled 1          auto    auto  10/100BaseTX
Fa0/21    ## not in use ##   disabled 1          auto    auto  10/100BaseTX
Fa0/22    ## not in use ##   disabled 1          auto    auto  10/100BaseTX
Fa0/23    ## not in use ##   disabled 1          auto    auto  10/100BaseTX
Fa0/24    ## not in use ##   disabled 1          auto    auto  10/100BaseTX
Gig0/1    ## to R1 ##        connected    1          a-full  a-100010/100BaseTX
Gig0/2    ## to SW2 ##       connected    1          a-full  a-100010/100BaseTX
SW1# 

SW1#sh interfaces g0/2
GigabitEthernet0/2 is up, line protocol is up (connected)
  Hardware is Lance, address is 00d0.9762.8b1a (bia 00d0.9762.8b1a)
  Description: ## to SW2 ##
 BW 1000000 Kbit, DLY 1000 usec,
     reliability 255/255, txload 1/255, rxload 1/255
  Encapsulation ARPA, loopback not set
  Keepalive set (10 sec)
  Full-duplex, 1000Mb/s
  input flow-control is off, output flow-control is off
  ARP type: ARPA, ARP Timeout 04:00:00
  Last input 00:00:08, output 00:00:05, output hang never
  Last clearing of "show interface" counters never
  Input queue: 0/75/0/0 (size/max/drops/flushes); Total output drops: 0
  Queueing strategy: fifo
  Output queue :0/40 (size/max)
  5 minute input rate 0 bits/sec, 0 packets/sec
  5 minute output rate 0 bits/sec, 0 packets/sec
     956 packets input, 193351 bytes, 0 no buffer
     Received 956 broadcasts, 0 runts, 0 giants, 0 throttles
     0 input errors, 0 CRC, 0 frame, 0 overrun, 0 ignored, 0 abort
     0 watchdog, 0 multicast, 0 pause input
     0 input packets with dribble condition detected
     2357 packets output, 263570 bytes, 0 underruns
     0 output errors, 0 collisions, 10 interface resets
     0 babbles, 0 late collision, 0 deferred
     0 lost carrier, 0 no carrier
     0 output buffer failures, 0 output buffers swapped out


